[backblue.gif]
[fade.gif]
[index.html]
[www.hulu.com/static/icons/apple-touch-icon.png]
[www.hulu.com/icon-win8-tile.png]
[www.hulu.com/static/hitch/_next/static/chunks/main-a80e25f25fc00772cc84.js]
[www.hulu.com/static/hitch/_next/static/chunks/webpack-25509b8e2a3f042c96ab.js]
[www.hulu.com/static/hitch/_next/static/chunks/framework-87b58acf1cbb21f8358f.js]
[www.hulu.com/static/hitch/_next/static/chunks/commons-13eecd7ff81d6f1690c8.js]
[www.hulu.com/static/hitch/_next/static/chunks/244-79bd53c09be48b9ab349.js]
[www.hulu.com/static/hitch/_next/static/chunks/361-411b8cc12185521a8741.js]
[www.hulu.com/static/hitch/_next/static/chunks/433-28ac1e0db2609eb8c295.js]
[www.hulu.com/static/hitch/_next/static/chunks/487-6157bb8d1d5f8920853a.js]
[www.hulu.com/static/hitch/_next/static/chunks/214-3b6a9d2804f877bc4ee0.js]
[www.hulu.com/static/hitch/_next/static/chunks/pages/_app-617e00520cf0695107b1.js]
[www.hulu.com/static/hitch/_next/static/chunks/29107295-8988b63996fc6ab0b91c.js]
[www.hulu.com/static/hitch/_next/static/chunks/249-0e9a5cc4f11d434c5b87.js]
[www.hulu.com/static/hitch/_next/static/chunks/297-121f6ba974cd2fbf5755.js]
[www.hulu.com/static/hitch/_next/static/chunks/930-8d6866978223a5cf2d94.js]
[www.hulu.com/static/hitch/_next/static/chunks/603-d98636ef0d1daedc35d1.js]
[www.hulu.com/static/hitch/_next/static/chunks/714-65cca8e950eb33a874cd.js]
[www.hulu.com/static/hitch/_next/static/chunks/891-afd699bf8b8e01cb2d70.js]
[www.hulu.com/static/hitch/_next/static/chunks/521-ecb77a01ae15975fafdc.js]
[www.hulu.com/static/hitch/_next/static/chunks/pages/LandingPage-d42f72aa07fba7e17f8c.js]
[www.hulu.com/static/hitch/s3/attachments/ckdz36xqi7zz019ym0b2seyqk-dplus-logo-0-1-2-0.full.png]
[c.evidon.com/pub/icon1.png]
[www.hulu.com/welcome472c.html]
[www.hulu.com/static/hitch/_next/static/chunks/polyfills-c707820e23616978acca.js]
[www.hulu.com/static/hitch/_next/static/WXa7q4cSRgaNu5LBizGX8/_buildManifest.js]
[www.hulu.com/static/hitch/_next/static/WXa7q4cSRgaNu5LBizGX8/_ssgManifest.js]
[www.hulu.com/opensearch8aff.html]
[www.hulu.com/index.html]
[www.hulu.com/static/hitch/_next/static/css/ce8e030ffd3e4cf2f308.css]
[www.hulu.com/static/hitch/_next/static/css/317ba8f9434565401082.css]
[www.hulu.com/static/hitch/_next/static/css/fe1e3f314ea45f5a7fbb.css]
[www.hulu.com/static/hitch/static/icons/Pricing_Checkmark_black.svg]
[www.hulu.com/subscriber_agreement.html]
[www.hulu.com/static/hitch/static/logos/hulu-logo.svg]
[www.hulu.com/static/hitch/static/logos/bundles-dark.svg]
[www.hulu.com/static/hitch/static/icons/Info_Icon_White.svg]
[www.hulu.com/static/hitch/static/icons/Pricing_Checkmark_green-light.svg]
[www.hulu.com/static/hitch/static/icons/Dropdown_Down_Arrow.svg]
[www.hulu.com/static/hitch/static/logos/bundles.svg]
[www.hulu.com/series/taste-the-nation-with-padma-lakshmi-53d48a66-d254-4e4f-89a1-277ec6c57368.html]
[www.hulu.com/series/dave-ac3a96f0-9614-46af-b524-f59c7d281946.html]
[www.hulu.com/series/letterkenny-0f756343-1afc-46ba-805a-bb6b1c1e8c65.html]
[www.hulu.com/movie/talladega-nights-the-ballad-of-ricky-bobby-4828ba49-df09-4340-8bec-81615d9580d5.html]
[www.hulu.com/movie/imagine-dragons-live-in-vegas-aea0c966-0a48-4446-8ffd-f59d3bac9314.html]
[www.hulu.com/series/dancing-with-the-stars-7d918be0-4130-4551-aab8-c7dcae85d35f.html]
[www.hulu.com/series/love-island-australia-f27d21b7-81bb-435f-a95b-4bcf20514e08.html]
[www.hulu.com/series/american-dad-977c8e25-cde0-41b7-80ce-e746f2d2093f.html]
[www.hulu.com/series/the-golden-bachelor-aceb8a13-aab6-48d9-abc1-7e35f05c3125.html]
[www.hulu.com/movie/minding-the-gap-efcd9be9-9541-46b4-abbc-dd8b0606b304.html]
[www.hulu.com/content.html]
[www.hulu.com/static/hitch/static/logos/disneyplus.png]
[www.hulu.com/static/hitch/s3/2020-04/Investigation_Discovery_Logo.png]
[www.hulu.com/static/hitch/s3/2020-01/Lifetime_Logo.png]
[www.hulu.com/live-tv.html]
[www.hulu.com/live-news.html]
[www.hulu.com/live-sports.html]
[www.hulu.com/hub/tv.html]
[www.hulu.com/hub/movies.html]
[www.hulu.com/hub/originals.html]
[www.hulu.com/hub/networks.html]
[www.hulu.com/hub/kids.html]
[www.hulu.com/static/hitch/s3/attachments/cl1bf55ft86xv199ad2bp84cs-image-15.full.png]
[www.hulu.com/fx-on-hulu.html]
[www.hulu.com/max.html]
[www.hulu.com/static/hitch/s3/attachments/ckr5nlsyq0sz21u8bu94i2x72-cinemax-lockup-425x100-2x.full.png]
[www.hulu.com/cinemax.html]
[www.hulu.com/static/hitch/s3/attachments/ckmp4r06r01be1u4k6ca9p24o-ckml7gjrc7g6p184odi8zvwvz-showtime-on-hulu-full.full.png]
[www.hulu.com/showtime.html]
[www.hulu.com/starz.html]
[hulu-matchmaker.s3.us-west-2.amazonaws.com/Sign_Up_for_the_Bundle.png]
[hulu-matchmaker.s3.us-west-2.amazonaws.com/Activate.png]
[hulu-matchmaker.s3.us-west-2.amazonaws.com/Download_and_Watch.png]
[www.hulu.com/hulu-disney-espn-bundle-offer.html]
[www.hulu.com/disney-bundle-hulu-no-ads.html]
[www.hulu.com/disney-bundle-duo-basic.html]
[www.hulu.com/static/hitch/s3/attachments/cl5n173p21t9p1v3c63z1cw9b-asset-1.full.png]
[assetshuluimcom-a.akamaihd.net/h3o/Hulu_SheerID_Branding.png]
[www.hulu.com/student.html]
[www.hulu.com/static/hitch/static/icons/facebook.svg]
[www.hulu.com/static/hitch/static/icons/twitter.svg]
[www.hulu.com/static/hitch/static/icons/youtube.svg]
[www.hulu.com/static/hitch/static/icons/instagram.svg]
[www.hulu.com/do-not-sell-my-info.html]
[www.hulu.com/your-us-state-privacy-rights.html]
[www.hulu.com/static/hitch/_next/static/chunks/pages/SitemapPage-9c6aec6ca02eb41ee675.js]
[www.hulu.com/sitemap.html]
[www.hulu.com/welcome.html]
[www.hulu.com/static/hitch/static/icons/dropdown_arrow.svg]
[www.hulu.com/content2353.html]
[www.hulu.com/contentc70b.html]
[www.hulu.com/content19fc.html]
[www.hulu.com/contenta242.html]
[www.hulu.com/contentf8ac.html]
[www.hulu.com/content53da.html]
[www.hulu.com/series/helstrom-363e6454-0b7d-433c-b29b-d4a6059504e3.html]
[www.hulu.com/series/the-new-york-times-presents-f22278d1-ef56-40e8-9227-af3a029ca6f4.html]
[www.hulu.com/series/monsterland-f280152e-5044-4e84-936a-8dc7e13f84f1.html]
[www.hulu.com/series/woke-034909c6-8c46-4cad-8d0d-062574a9e5f1.html]
[www.hulu.com/series/taste-the-nation-with-padma-lakshmi-53d48a66-d254-4e4f-89a1-277ec6c57368.html]
[www.hulu.com/series/love-victor-3cb4c446-d459-41a2-97d2-2ea9ed164ab7.html]
[www.hulu.com/series/crossing-swords-ae4f3a01-3cf8-4cf3-b28a-5add46ec094f.html]
[www.hulu.com/series/solar-opposites-f089664b-1a87-433b-86a5-24e7da5a246a.html]
[www.hulu.com/series/scandal-ef4342b5-3fb0-4b30-8fae-285347967776.html]
[www.hulu.com/series/the-great-238db0d4-c476-47ed-9bee-d326fd302f7d.html]
[www.hulu.com/series/normal-people-57048262-2ca5-41ee-9b57-53bb9b9e1596.html]
[www.hulu.com/series/little-fires-everywhere-bce24897-1a74-48a3-95e8-6cdd530dde4c.html]
[www.hulu.com/series/dave-ac3a96f0-9614-46af-b524-f59c7d281946.html]
[www.hulu.com/series/shrill-54eab813-3a9b-496d-9d7e-908597ad8d1a.html]
[www.hulu.com/series/everythings-gonna-be-okay-f30e3e01-ccb4-46c3-8802-5117f8dc2f13.html]
[www.hulu.com/series/letterkenny-0f756343-1afc-46ba-805a-bb6b1c1e8c65.html]
[www.hulu.com/series/onlyfans-selling-sexy-60c749b8-96a4-48aa-949a-954dc0b14a58.html]
[www.hulu.com/movie/stars-fell-again-cbaa396d-9d03-4599-acc5-b29c595df0c9.html]
[www.hulu.com/movie/consecration-e92668f7-3e45-4a1d-b17c-1784c7ef53c9.html]
[www.hulu.com/movie/national-lampoons-christmas-vacation-4b13df4b-d045-4998-8069-377704214c13.html]
[www.hulu.com/movie/elf-34fdd2c6-dd92-4440-ae64-4c820e476978.html]
[www.hulu.com/movie/fools-paradise-2b83ba58-aaa1-4bfa-b152-58b2190b6659.html]
[www.hulu.com/movie/quiz-lady-7eddb1d7-1ff3-474a-9db7-8d708fc1308a.html]
[www.hulu.com/movie/a-haunting-in-venice-5f072dc6-d44e-48e3-be24-b6db3b67df6b.html]
[www.hulu.com/movie/cobweb-9833cdfb-077e-4753-964a-df792b7c3737.html]
[www.hulu.com/movie/nocebo-75bdcb52-e8a2-465f-b4d8-33bf4d69d755.html]
[www.hulu.com/movie/somewhere-in-queens-ed187be4-c693-40cf-a31f-796408fb7973.html]
[www.hulu.com/movie/slotherhouse-61ce72a7-282d-4384-9639-ece48737c9f0.html]
[www.hulu.com/movie/the-mill-31c7f583-c7de-4fa4-82bc-27e7550d31db.html]
[www.hulu.com/movie/it-chapter-2-9d816740-7946-45a6-a23d-05baf39244cc.html]
[www.hulu.com/movie/doctor-sleep-a632c29c-4758-4b65-a501-b3e6bdadb701.html]
[www.hulu.com/movie/appendage-5dee6ffc-dfb6-425e-b3b2-d665241e99b4.html]
[www.hulu.com/movie/the-accountant-06646f8d-4ed5-4a8d-a757-b6815faa5271.html]
[www.hulu.com/movie/no-one-will-save-you-9e96f51e-6806-4306-9773-e96b68d25305.html]
[www.hulu.com/movie/sanctuary-eb8af1aa-54f0-4bfc-9551-6a3d18cb4d92.html]
[www.hulu.com/movie/theater-camp-2e9ba993-a6a8-46e6-b2ac-6705badd7503.html]
[www.hulu.com/movie/talladega-nights-the-ballad-of-ricky-bobby-4828ba49-df09-4340-8bec-81615d9580d5.html]
[www.hulu.com/movie/the-princess-diaries-96c8e4b8-1b7f-4bbb-ab6c-b8a9f630b364.html]
[www.hulu.com/movie/the-banshees-of-inisherin-ced3aa7d-18c2-4adb-b906-d23c29c6a8ac.html]
[www.hulu.com/movie/the-menu-f12c46ed-2536-4995-a759-574c790456c4.html]
[www.hulu.com/movie/simulant-3c9922ad-7696-4407-987d-7ab726278a73.html]
[www.hulu.com/movie/moving-on-514b5ae4-209d-4ff3-8336-f3f6f7e49126.html]
[www.hulu.com/movie/vacation-friends-2-2de551ad-c025-46e6-a7f9-ed9a37852215.html]
[www.hulu.com/movie/beautiful-disaster-d9e77b02-b383-498f-aac4-09406de7bf40.html]
[www.hulu.com/movie/sound-of-the-police-f8594ad2-09eb-4a88-8d8a-c904f14fa91a.html]
[www.hulu.com/movie/imagine-dragons-live-in-vegas-aea0c966-0a48-4446-8ffd-f59d3bac9314.html]
[www.hulu.com/movie/the-jewel-thief-090508a6-68cb-4c6b-86f8-5c4cd6c01f63.html]
[www.hulu.com/series/fargo-203cda1b-7919-40fb-ab36-1e45b3ed2a50.html]
[www.hulu.com/series/a-murder-at-the-end-of-the-world-aa1adbb2-bfd6-4d88-b709-5455bf953f9e.html]
[www.hulu.com/series/black-cake-404d4be6-1658-44eb-905c-0a29ecf592ca.html]
[www.hulu.com/series/dancing-with-the-stars-7d918be0-4130-4551-aab8-c7dcae85d35f.html]
[www.hulu.com/series/american-dad-977c8e25-cde0-41b7-80ce-e746f2d2093f.html]
[www.hulu.com/series/love-island-australia-f27d21b7-81bb-435f-a95b-4bcf20514e08.html]
[www.hulu.com/series/general-hospital-b767a2da-2797-4cb4-99cb-86cf8f2bc54a.html]
[www.hulu.com/series/the-kardashians-7840bf30-f440-48d4-bf81-55d8cb24457a.html]
[www.hulu.com/series/power-book-iv-force-a757f88a-a105-481b-9804-e461c23a7306.html]
[www.hulu.com/series/family-guy-3c3c0f8b-7366-4d15-88ab-18050285978e.html]
[www.hulu.com/series/kitchen-nightmares-2023-6207d4c3-1d6e-4983-a0e1-1edba048359b.html]
[www.hulu.com/series/bobs-burgers-fdeb1018-4472-442f-ba94-fb087cdea069.html]
[www.hulu.com/series/special-forces-worlds-toughest-test-1664fac7-0c95-47c6-85d1-2135ec2af1a9.html]
[www.hulu.com/series/the-golden-bachelor-aceb8a13-aab6-48d9-abc1-7e35f05c3125.html]
[www.hulu.com/series/catfish-the-tv-show-fb03e9a3-8ce2-4e39-bd53-8920c7f5edc5.html]
[www.hulu.com/series/abc-world-news-tonight-with-david-muir-7c160b55-f261-476a-b3f7-f3a6b083cba2.html]
[www.hulu.com/series/abc-2020-1ad6a7fd-8188-4c3d-b164-ba7640d3329a.html]
[www.hulu.com/series/bachelor-in-paradise-b6ee3e1c-fcdc-4101-bed8-336c43f7c690.html]
[www.hulu.com/series/modern-family-883c414c-34a3-4fcc-b50a-0ad5a184c977.html]
[www.hulu.com/series/good-morning-america-753058ec-abb0-4b89-b53b-dcf1513ff200.html]
[www.hulu.com/series/rick-and-morty-d76d6361-3fbf-4842-8dd7-e05520557280.html]
[www.hulu.com/series/shining-vale-149c373e-3d42-4bba-9bd0-d2ccf8b32d28.html]
[www.hulu.com/series/hells-kitchen-4f31f13a-d60c-4c90-b8e5-397ea49d08db.html]
[www.hulu.com/series/law-order-special-victims-unit-720ef5c1-fc77-4924-98c5-491455a06895.html]
[www.hulu.com/series/curious-george-29a4727e-6ac4-4b99-9e91-08c8d872c733.html]
[www.hulu.com/series/the-curse-82f059b2-6b3d-43ef-a2ca-9d34ad8c8213.html]
[www.hulu.com/series/press-your-luck-697e5b69-0f99-44c7-a661-e97df3f0302c.html]
[www.hulu.com/series/the-view-02696a82-b780-4ee5-9383-026b90017fee.html]
[www.hulu.com/series/the-simpsons-c88bb35c-880b-437e-9187-ab59b52df1a2.html]
[www.hulu.com/series/the-gilded-age-5ab259ca-73c0-4d59-a6f6-0208e1a4bfd2.html]
[www.hulu.com/movie/the-family-stone-8c10a451-623d-4290-9c0b-8ba42a406869.html]
[www.hulu.com/movie/the-wedding-singer-82efbf58-eef8-4bb3-b259-dec08c555654.html]
[www.hulu.com/movie/frozen-river-9bd38c0b-1ffa-47db-9df5-94dc7893558a.html]
[www.hulu.com/movie/alien-27389b6b-bf27-45a6-afdf-cef0fe723cff.html]
[www.hulu.com/movie/curious-george-641bb394-f4d5-4037-abdf-1a588647414d.html]
[www.hulu.com/movie/minding-the-gap-efcd9be9-9541-46b4-abbc-dd8b0606b304.html]
[www.hulu.com/movie/white-men-cant-jump-062b6043-9fff-437c-8d7b-57c13ff7ef1a.html]
[www.hulu.com/movie/bar-fight-ec29e8e3-d676-432b-abd1-faeacfbcb298.html]
[www.hulu.com/movie/home-alone-45e4a68f-d9df-45f7-8e81-01b4ca5524e9.html]
[www.hulu.com/movie/let-me-in-6546eb11-ebe6-4f20-8702-e408b23d52ae.html]
[www.hulu.com/movie/its-a-wonderful-binge-55064e55-bd87-44d6-8798-411c767b1df3.html]
[www.hulu.com/movie/prey-55349764-323e-4d0e-898f-a4c12c9bf615.html]
[www.hulu.com/movie/sleepless-in-seattle-324fc933-036f-49c3-b430-61adb0bd038d.html]
[www.hulu.com/movie/volcano-6d253b05-d150-48fd-a7fb-1360d3df5134.html]
[www.hulu.com/movie/office-space-d38591ec-d8ec-45d7-8b39-cfd07b860a8d.html]
[www.hulu.com/movie/the-skeleton-twins-94eebca4-0289-4f41-bf7b-a9178b45f85b.html]
[www.hulu.com/movie/some-kind-of-wonderful-2d5581e7-d158-41fb-bbf0-76988244885b.html]
[www.hulu.com/movie/election-ae135e68-4bd6-4b9e-a5f4-8bc79933e0c1.html]
[www.hulu.com/movie/melancholia-271959fb-260a-46ae-9cb7-e319ee1f99d7.html]
[www.hulu.com/movie/red-dog-a95bfddc-78f0-4b13-8d25-25cdd3d5cbc3.html]
[www.hulu.com/movie/crime-punishment-f141e4b4-b89c-4bbd-a938-6728ce6a7fdc.html]
[www.hulu.com/movie/parasite-2fd691a0-f66b-467f-8635-00d7f151f3d4.html]
[www.hulu.com/movie/run-72eec9c8-0164-4e0c-868a-b433960d7f93.html]
[www.hulu.com/movie/nomadland-dcd9cb83-0636-46ef-8cbd-b9d994672e83.html]
[www.hulu.com/movie/the-united-states-vs-billie-holiday-6f7be3b0-69c5-49ab-8472-2b5b1dabcfe8.html]
[www.hulu.com/movie/the-conversation-babad7c4-daab-48ae-bcc1-334eaed64cd0.html]
[www.hulu.com/movie/johnny-english-2f403ecc-3608-48e8-8aa7-7f5bf23b8b8e.html]
[www.hulu.com/series/futurama-85bf4cc1-cd8b-4469-ad87-7289217a0b74.html]
[www.hulu.com/series/king-of-the-hill-52b8dd8a-eff2-4ed2-9b8d-7c0039df1c53.html]
[www.hulu.com/series/archer-22b4b3c8-0827-42d2-a841-50e8f3464dc2.html]
[www.hulu.com/series/the-cleveland-show-f1bf2db1-d201-4c1f-8b4b-3e8cc79a85f6.html]
[www.hulu.com/series/housebroken-f1ce1b43-082e-4db1-baf8-b1623dc71600.html]
[www.hulu.com/series/brickleberry-9098dd1f-505d-4c50-845a-fc323d110072.html]
[www.hulu.com/series/the-great-north-374cdbc2-3b08-4b81-a68f-a45a70665849.html]
[www.hulu.com/series/mike-judge-presents-tales-from-the-tour-bus-912a8187-6b66-4a85-ab24-0ceb411088e2.html]
[www.hulu.com/series/the-pjs-bb16119c-4d46-492b-9a30-7360b5f049b9.html]
[www.hulu.com/series/duncanville-14b98655-0ac2-45f6-85d7-5a365d76b693.html]
[www.hulu.com/series/fugget-about-it-ab0029e9-2964-463b-999c-9f1f1419b5e3.html]
[www.hulu.com/series/cowboy-bebop-af54be93-ee11-475c-b786-3543a9a7d4ba.html]
[www.hulu.com/series/our-cartoon-president-bf1b5716-fe0a-418c-849d-c00517f14ca2.html]
[www.hulu.com/series/bordertown-903319be-f2f1-4b4d-9b98-560e9a20d3c5.html]
[www.hulu.com/series/bless-the-harts-3fc1237b-ce84-4b4c-ab4d-efc8e79dc20d.html]
[www.hulu.com/series/praise-petey-f611ff59-a7e7-493f-96cf-8b5a127102ff.html]
[www.hulu.com/series/marvels-hit-monkey-22dc20c4-eaed-492d-887e-e087585c0532.html]
[www.hulu.com/series/momma-named-me-sheriff-9445ca87-517b-499e-b6a3-e91784135d6f.html]
[www.hulu.com/series/the-awesomes-c4d582d2-01ce-4639-a411-b0c903b88dcb.html]
[www.hulu.com/series/mother-up-3d928a42-412d-4d1b-b749-5f47cb209cfc.html]
[www.hulu.com/series/todd-mcfarlanes-spawn-4de37261-366b-41bc-8cfa-22f4a0a012b5.html]
[www.hulu.com/series/marvels-modok-202e4b17-c57e-4a2d-9c1d-342e3a092a22.html]
[www.hulu.com/series/the-bold-type-45c40273-0742-4324-af23-db4a484b3af3.html]
[www.hulu.com/series/pen15-8c87035d-2b10-4b10-a233-ca5b3597145d.html]
[www.hulu.com/series/american-horror-story-a67a233c-fcfe-4e8e-b000-052603ddd616.html]
[www.hulu.com/series/younger-a7e04b8d-3363-479f-ba54-e2901eada2ad.html]
[www.hulu.com/series/how-i-met-your-mother-bc68ac79-3ace-4427-9ec0-5ee6f314d194.html]
[www.hulu.com/series/atlanta-3529d0f1-acaf-476d-8be3-66cd6bf12530.html]
[www.hulu.com/series/one-tree-hill-0fbd443f-25a6-4053-8dcb-a512e175583e.html]
[www.hulu.com/series/its-always-sunny-in-philadelphia-2171423f-3326-4dfa-b193-b40494e60109.html]
[www.hulu.com/series/krapopolis-b909844e-8d23-4a88-8951-da8d83d1c4f4.html]
[www.hulu.com/series/once-upon-a-time-c6c5c701-29ca-49c4-97ef-6dde38158a14.html]
[www.hulu.com/series/justified-city-primeval-b8a7e9d8-6cb9-4dd0-8775-047aec5fd412.html]
[www.hulu.com/series/the-bear-05eb6a8e-90ed-4947-8c0b-e6536cbddd5f.html]
[www.hulu.com/series/dear-mama-61e513d4-488f-4b1f-b404-f8a33458fca8.html]
[www.hulu.com/series/new-girl-42850dbc-0f98-4d8a-a09a-3427ee8085e5.html]
[www.hulu.com/series/succession-7f3ad78e-0fdb-4b13-97c1-af4d06ed5601.html]
[www.hulu.com/series/stolen-youth-inside-the-cult-at-sarah-lawrence-0336ebcf-9f28-4a55-993b-012aedd47325.html]
[www.hulu.com/series/inside-airport-lost-found-abdc6896-748c-4bfe-9665-30905dd86d46.html]
[www.hulu.com/series/the-white-lotus-f4dc44cd-6627-46ea-8ba8-3c4f4e8a02d3.html]
[www.hulu.com/series/chainsaw-man-7b71b5a4-560b-4d8b-98c4-c5dee6004c21.html]
[www.hulu.com/series/schitts-creek-a2e7a946-9652-48a8-884b-3ea7ea4de273.html]
[www.hulu.com/series/industry-6ff820e0-f28e-405a-a771-9dc2b01d5e97.html]
[www.hulu.com/series/the-rehearsal-a2925e61-adf4-4f7a-8aea-1af87c9e8102.html]
[www.hulu.com/series/the-dropout-13988f84-f1c8-40dd-a73c-4e71ab4bbe63.html]
[www.hulu.com/series/abbott-elementary-7c33eeb2-5d16-4a10-ad9e-ee31f9fff15c.html]
[www.hulu.com/series/snowfall-ce0d176c-8a89-454d-bed4-b91ad2e0d6e6.html]
[www.hulu.com/series/somebody-somewhere-30fbe6f5-bd17-414a-ba74-03cb51c0d7b7.html]
[www.hulu.com/series/reservation-dogs-5a310c23-e2db-4c9f-a66c-27c2fee43d92.html]
[www.hulu.com/series/only-murders-in-the-building-ef31c7e1-cd0f-4e07-848d-1cbfedb50ddf.html]
[www.hulu.com/movie/kandahar-0cc11bc3-62aa-43f3-9875-7e996c17bb2a.html]
[www.hulu.com/movie/john-wick-chapter-4-2481bffb-52e9-447e-960c-06c94872c7dd.html]
[www.hulu.com/movie/home-alone-2-lost-in-new-york-86cd0f62-cec4-4426-9e35-9f8263a550a6.html]
[www.hulu.com/movie/the-polar-express-cfaafa9b-a8e0-4d0a-88bd-c3fecfbf695b.html]
[www.hulu.com/movie/the-holiday-7af0553f-ae86-49b9-b6a0-d034ad842b49.html]
[www.hulu.com/movie/operation-fortune-9fab9dc6-4bd4-4e18-8423-6e57c9712b34.html]
[www.hulu.com/movie/central-intelligence-151c0290-d714-41cf-9eab-b6ca9b96134a.html]
[www.hulu.com/movie/plane-bce216bd-6477-47d2-9328-95d434c3b8af.html]
[www.hulu.com/movie/bone-tomahawk-33141423-0614-40b8-897d-75a4496689c5.html]
[www.hulu.com/movie/four-christmases-3bb9f635-6ead-4d40-9c24-a08bc5c9cd32.html]
[www.hulu.com/movie/spider-man-no-way-home-295fb45a-c8bb-477e-816f-b0706b4d9984.html]
[www.hulu.com/movie/space-jam-c5fb9852-d248-4dc4-83b1-d39036b912ec.html]
[www.hulu.com/movie/deck-the-halls-f925b2d0-af4e-45b5-9a05-3ac8b9a94977.html]
[www.hulu.com/movie/night-at-the-museum-29c89abf-b956-4893-add2-804ce0dbe5d7.html]
[www.hulu.com/movie/adam-sandlers-eight-crazy-nights-dc4db4af-ab04-4be6-a0f6-d2c11bdc9491.html]
[www.hulu.com/movie/get-hard-443ef0e3-0b4e-438e-be87-9a5635149e60.html]
[www.hulu.com/movie/spy-dd30cd05-14ed-4466-929c-8537f2897425.html]
[www.hulu.com/movie/life-of-the-party-17328c9d-79f5-42cb-acf2-de256c988475.html]
[www.hulu.com/movie/bad-boys-for-life-08cad73e-d18b-436e-8aac-5dc79f98de2c.html]
[www.hulu.com/movie/space-jam-a-new-legacy-452447d6-2bf5-48e1-8784-c07a74769d6a.html]
[www.hulu.com/movie/jumanji-the-next-level-77730468-e483-4311-ae0b-71f0ffc4e30f.html]
[www.hulu.com/movie/mary-fa154a8e-9645-4105-afb8-30e02e8ec8f2.html]
[www.hulu.com/movie/the-santa-clause-3-the-escape-clause-2203eda6-75ba-4b3e-a877-9be665fb54d6.html]
[www.hulu.com/movie/the-last-full-measure-39278f5f-ee9d-406f-95ca-f4f590aaacf3.html]
[www.hulu.com/movie/palm-springs-f70dfd4d-dbfb-46b8-abb3-136c841bba11.html]
[www.hulu.com/movie/the-assistant-94c3d0f4-b5d2-4252-aa12-b959e3f5c6f3.html]
[www.hulu.com/movie/we-are-freestyle-love-supreme-94b5c7d6-4a40-4282-9f47-e21bceec6d7c.html]
[www.hulu.com/movie/shirley-8d91e614-689d-4933-ac70-aed3c34df32b.html]
[www.hulu.com/movie/i-still-believe-8a089d4a-79fa-4efb-af1f-8d057d806af5.html]
[www.hulu.com/movie/disappearance-at-clifton-hill-5fd3bb45-523a-49dc-a9c4-8b1d778f0b10.html]
[www.hulu.com/movie/portrait-of-a-lady-on-fire-d514447d-1954-4bf8-8164-fa3d6fdfe73f.html]
[www.hulu.com/movie/monos-351c7f48-df41-46cc-a94c-2e639f71d9ab.html]
[www.hulu.com/movie/the-art-of-self-defense-50a1948f-390f-4028-96b7-cd3897785672.html]
[www.hulu.com/movie/radioflash-02ef5b1b-16b4-40dc-bca6-35e1453309c8.html]
[www.hulu.com/movie/villains-ac3b54d9-7008-4cb3-b808-3fd137016812.html]
[www.hulu.com/movie/angel-of-mine-16be459b-139c-4d28-a565-7c034477bbd6.html]
[www.hulu.com/movie/luce-0af00f9d-02ea-41ad-9354-20725f44a60a.html]
[www.hulu.com/movie/honeyland-3c74b61a-71f5-4ca0-8a65-7bfbcda9ad7b.html]
[www.hulu.com/movie/i-tonya-f5636efa-9f93-453c-b3a7-e7b377c004b9.html]
[www.hulu.com/movie/wild-rose-3554101e-7fbe-4f8e-b046-9874f9eaf8e6.html]
[www.hulu.com/movie/changeland-ad8dc165-0105-4031-9972-8515d6c61334.html]
[www.hulu.com/movie/this-ones-for-the-ladies-311f8a53-09d6-4f26-be17-f46c53291c2d.html]
[www.hulu.com/movie/the-tomorrow-man-7374d356-e602-430b-aae2-456009d17ff1.html]
[www.hulu.com/movie/pawn-sacrifice-87c658b7-e48f-4b62-a1d8-a37a3b46d6d8.html]
[www.hulu.com/movie/the-nightingale-76bfebaf-d8ab-4566-b354-b8bdbfd01a18.html]
[www.hulu.com/movie/the-man-who-killed-hitler-and-then-the-bigfoot-acf13d6a-2926-431c-a5d0-db81f4168f42.html]
[www.hulu.com/movie/support-the-girls-4d5ae6ed-09bb-4532-83b3-cc0c8957325a.html]
[www.hulu.com/movie/ingrid-goes-west-08e5e1c7-3cb4-41e8-b80f-9fb9101e3fa7.html]
[www.hulu.com/movie/assassination-nation-4709e444-777d-4939-9c50-8ab94b7f906e.html]
[www.hulu.com/movie/the-beach-bum-9767f4e7-4490-48ff-a9b8-68328fa4095e.html]
[www.hulu.com/movie/monsters-and-men-be1f7523-0b88-44e7-8b7e-f01056455057.html]
[www.hulu.com/movie/vox-lux-07fb7449-263b-4620-abe2-bcb2d853e579.html]
[www.hulu.com/movie/almost-famous-aed20007-ec2b-47a1-a27b-5df83f53496b.html]
[www.hulu.com/movie/good-will-hunting-0bf6e2a3-4a3f-40f3-b0c3-5e108ff8ffab.html]
[www.hulu.com/movie/midnight-in-paris-805ca580-3372-4f7b-be6e-aecc78c2599f.html]
[www.hulu.com/movie/the-wings-of-the-dove-19632a51-45f0-4625-a5d5-d4e4f21f95b6.html]
[www.hulu.com/movie/a-simple-plan-aa49bd71-8155-4b46-a214-44b5c1252c54.html]
[www.hulu.com/movie/winters-bone-695b7bfb-88c2-4324-8ad1-ddc4229afb01.html]
[www.hulu.com/movie/gone-baby-gone-1cca72c7-e0c6-4ebd-b16e-d74d7a3fdf0d.html]
[www.hulu.com/movie/witness-a69a70c2-d2cf-40c9-af82-7f5046c5fb93.html]
[www.hulu.com/movie/shoplifters-eng-sub-66391a03-6d2c-4876-90d1-bb820b7bea2b.html]
[www.hulu.com/movie/the-cider-house-rules-e937cb30-cc11-4e4e-99f1-ed489de85c7d.html]
[www.hulu.com/movie/beatriz-at-dinner-6009d153-ff2f-4ea6-9886-85cc4d9b075a.html]
[www.hulu.com/movie/force-majeure-a4e74be6-707d-4ce4-91c0-b3e8b32c699e.html]
[www.hulu.com/movie/the-queen-b3d33be7-0cb3-4753-bb25-c28bcdd558fa.html]
[www.hulu.com/movie/the-square-58c65ed4-51c2-4a93-a008-57e7eee5a35f.html]
[www.hulu.com/movie/meeks-cutoff-bc14e4ca-951a-4085-af10-da471ad82e74.html]
[www.hulu.com/movie/the-amazing-maurice-4f1db6de-23a1-4b1f-81da-08d6e02f967b.html]
[www.hulu.com/movie/i-am-greta-6eb88d15-22f0-4f7b-90aa-6933ddc2f90a.html]
[www.hulu.com/movie/racetime-98699ccc-e23f-42ea-81fc-2e5daec87b83.html]
[www.hulu.com/movie/monsters-at-large-99eb02a2-cf13-41f2-8fb0-ed337aa09ec0.html]
[www.hulu.com/movie/saving-christmas-224e1443-2b70-4f6e-9781-0347a5f6be64.html]
[www.hulu.com/movie/ferngully-the-last-rainforest-a27c8555-0deb-4010-b4d7-55165f8d594c.html]
[www.hulu.com/movie/are-we-done-yet-e1f602f2-38d7-4dc3-8003-751688b8b24d.html]
[www.hulu.com/movie/are-we-there-yet-dedc77cb-92cb-4748-84df-007dda2b5ce1.html]
[www.hulu.com/series/faraway-downs-1d653aaa-7415-4eb7-9831-edf3eeaa55fa.html]
[www.hulu.com/series/the-other-black-girl-0f1b9a13-2d2b-4836-a460-a2813a160e3c.html]
[www.hulu.com/series/spellbound-e4c77dc7-8d4a-4041-afaf-2b8599fffb1e.html]
[www.hulu.com/movie/jagged-mind-27e89f53-355d-4459-9155-32e725ba85dd.html]
[www.hulu.com/movie/flamin-hot-b81d7e5b-e244-432c-af28-bedf3f8e7020.html]
[www.hulu.com/series/class-of-09-969105a1-6e10-4bf6-ba97-e84ec152afd3.html]
[www.hulu.com/movie/clock-99647742-42aa-4911-a91a-03a1d40dfe72.html]
[www.hulu.com/series/tiny-beautiful-things-0ee8a395-3270-46ef-9ab0-c200f5f9f89d.html]
[www.hulu.com/series/saint-x-c20d4b58-2a57-462f-9ba9-9774928888a9.html]
[www.hulu.com/series/great-expectations-29e58880-3cbd-4f47-a878-ef9edebb5e46.html]
[www.hulu.com/movie/boston-strangler-323eae40-5c62-4765-949a-5b4f7f8f2ba4.html]
[www.hulu.com/movie/bruiser-e00d2a3c-7564-4a94-80cb-ea856fae4c0c.html]
[www.hulu.com/series/welcome-to-chippendales-00f77d8e-bbe3-4523-a73e-5deb475a3e47.html]
[www.hulu.com/series/fleishman-is-in-trouble-710e51f8-3387-404d-8b07-e7c9b766d11c.html]
[www.hulu.com/series/wu-tang-an-american-saga-8e4e1643-1254-4d6e-a567-d2c62f7b3e00.html]
[www.hulu.com/series/kindred-196f4ebd-2b7b-400e-834a-7f8e2260f2de.html]
[www.hulu.com/series/shadow-detective-ef52e571-04d1-40db-94b1-39e782443c15.html]
[www.hulu.com/movie/matriarch-e9bf60cc-2250-4d30-885e-4b2527c8ff3e.html]
[www.hulu.com/movie/grimcutty-c13c6ee6-0307-40ae-8a6a-5c6d48996323.html]
[www.hulu.com/movie/hellraiser-eb138082-5c40-4a8f-aa30-3fc66ef615fd.html]
[www.hulu.com/series/reasonable-doubt-226c1cc5-ecc9-4d26-83a6-40131a93ed19.html]
[www.hulu.com/series/tell-me-lies-bad099c4-b88d-486a-8e83-b6a5cb1fa6d3.html]
[www.hulu.com/series/the-patient-4d9ad5b3-6925-4e94-9b0b-49b9f8cf81f2.html]
[www.hulu.com/series/grid-4fde6190-827b-4ff3-b527-ee31c922881e.html]
[www.hulu.com/series/rookie-cops-1ee1837c-d750-4521-a95c-8b732a2f4a94.html]
[www.hulu.com/movie/on-the-count-of-three-e6a01acf-c10f-44ea-b155-bd5b4d85b121.html]
[www.hulu.com/series/living-for-the-dead-86b5aeeb-352d-4158-91fb-4642a3410f9b.html]
[www.hulu.com/series/the-full-monty-8def075f-d6b8-4c39-8440-55342e3dc0f2.html]
[www.hulu.com/movie/quasi-b1c31ae2-34ac-4251-93ed-62181f862353.html]
[www.hulu.com/movie/rye-lane-e3240081-68ec-4d08-aae9-db1d9f44ccc5.html]
[www.hulu.com/series/up-here-3cf5b24c-f13d-4943-8c73-e0e27de4cff5.html]
[www.hulu.com/series/unprisoned-5b48cecb-15b5-4e06-b475-f2ac5a64bd24.html]
[www.hulu.com/series/history-of-the-world-part-ii-6c9bcf68-0c93-497a-aa4f-d5215faa9860.html]
[www.hulu.com/series/this-fool-18ea1265-5978-41d7-b619-2ad23e075a71.html]
[www.hulu.com/series/extraordinary-e93d439a-4868-4222-a03a-f3f7e2652a9d.html]
[www.hulu.com/movie/the-drop-81887fae-8d64-4e4d-a46b-ade9e5b1d41b.html]
[www.hulu.com/series/koala-man-ff03d7eb-4315-4d3b-85ec-b9b5158e371c.html]
[www.hulu.com/series/boris-eng-1aaca086-2749-4e4d-bb5d-cd57dee2c2e4.html]
[www.hulu.com/movie/the-paloni-show-halloween-special-4dc463bf-3651-4732-a922-bd0a78026c71.html]
[www.hulu.com/series/reboot-e8c26c94-e813-4160-b36e-1b367ebcebe8.html]
[www.hulu.com/series/ramy-4bcb6c3a-3d9a-4d49-b8e0-57fb7de9c8d6.html]
[www.hulu.com/series/wedding-season-7e2e9883-f894-4abb-a734-03cf0ef70966.html]
[www.hulu.com/movie/not-okay-4d60a861-5042-4d9e-b5a1-c37b738156af.html]
[www.hulu.com/movie/fire-island-c2abb64a-bf06-48fa-8465-c0958e2b8ecd.html]
[www.hulu.com/series/shoresy-35e7a994-c7e8-4b5d-97d3-e2c8a4d1d75b.html]
[www.hulu.com/movie/the-valet-ee848d26-cb68-4852-8364-4df3661ab66e.html]
[www.hulu.com/movie/crush-fcc4d4d2-7edf-484e-966b-fb50025e430a.html]
[www.hulu.com/series/life-beth-69c7edf5-5c51-4ef6-8506-9188f4ad96ed.html]
[www.hulu.com/series/how-i-met-your-father-42771fe9-3174-43bc-ab6a-d8c3e618b934.html]
[www.hulu.com/series/drive-with-swizz-beatz-dfe2a7cb-2b78-4070-ba5d-550bcd59c635.html]
[www.hulu.com/series/brawn-the-impossible-formula-1-story-60c70cb5-439e-41be-af69-29f892b126b7.html]
[www.hulu.com/movie/the-lady-bird-diaries-48967c41-c397-47c2-a4b4-b087b7034017.html]
[www.hulu.com/series/impact-x-nightline-its-britney-45681ae3-81ea-4df9-94e9-4672f587caec.html]
[www.hulu.com/series/coleen-rooney-the-real-wagatha-story-a4d3ed05-d42f-422c-b2dd-71d9a3c1f3b0.html]
[www.hulu.com/movie/monster-inside-americas-most-extreme-haunted-house-cdf56c4b-9d24-435f-9da6-69f1c91d4811.html]
[www.hulu.com/series/impact-x-nightline-ruby-franke-a-momfluencers-double-life-0a905581-c114-4a70-885b-0af0fea10585.html]
[www.hulu.com/series/love-in-fairhope-940cf45a-f269-47d4-bf2f-0dae56fdba85.html]
[www.hulu.com/series/never-let-him-go-a04d05c1-cd8e-4aba-9475-d110abbdc1d3.html]
[www.hulu.com/movie/trap-jazz-8e800478-3707-47ae-b39f-2838d33b6d00.html]
[www.hulu.com/series/demons-saviors-05b16187-192e-40f3-b65a-399ac01f4f2a.html]
[www.hulu.com/series/mother-undercover-5d36dd21-7b05-4a22-8842-827eb785539d.html]
[www.hulu.com/series/the-ashley-madison-affair-fc03be18-6dc9-4047-9be3-111e2bc962ef.html]
[www.hulu.com/movie/cma-fest-50-years-of-fan-fair-30e4f905-f9e3-4551-a1b0-71396d9b1cc7.html]
[www.hulu.com/series/secret-chef-93e19121-6bd7-4b70-92b7-9ce22228459d.html]
[www.hulu.com/movie/anthem-6b25fac9-da2b-45a3-8e09-e4156b0471cc.html]
[www.hulu.com/series/secrets-sisterhood-the-sozahdahs-b2045eb9-b5d2-4f7f-8f66-ce06853af9ca.html]
[www.hulu.com/series/the-age-of-influence-69eeeb12-2e7c-4eb6-bbb4-a03778e8c36c.html]
[www.hulu.com/series/drag-me-to-dinner-65f8623a-d8a4-4b98-a5fe-15c5261e3f92.html]
[www.hulu.com/series/the-randall-scandal-love-loathing-and-vanderpump-d16b1d20-9646-43f0-adbc-cf68d1873274.html]
[www.hulu.com/movie/queenmaker-the-making-of-an-it-girl-c2adbc4f-1c8c-4998-be56-87d25bcd8030.html]
[www.hulu.com/series/aaron-carter-the-little-prince-of-pop-e8961b3f-6d7a-45c6-a66a-3a803ca3bb29.html]
[www.hulu.com/series/grand-knighthawk-infiltrating-the-kkk-9e33239e-82bc-4cdc-a413-75fb6a315498.html]
[www.hulu.com/series/algiers-america-b3ed01e0-2d84-489d-8934-7df9e06513ec.html]
[www.hulu.com/series/til-death-do-us-part-kourtney-travis-76fc873c-72e0-4225-a176-9ff51957aa09.html]
[www.hulu.com/series/pretty-baby-brooke-shields-057789b3-86e3-47a1-93f3-c66ccab44a9c.html]
[www.hulu.com/series/fright-krewe-5a4a40ec-2b8d-4c36-9514-ffded63ccc1d.html]
[www.hulu.com/series/abominable-and-the-invisible-city-d7a15e29-1a00-456a-a471-a8bf2d2cf847.html]
[www.hulu.com/series/dragons-the-nine-realms-e3436dee-8d2d-43dc-b810-c75d77730fa9.html]
[www.hulu.com/series/the-croods-family-tree-ad7f22bd-633d-452d-88b0-a87f26923a79.html]
[www.hulu.com/series/the-hardy-boys-5b8279f9-40eb-49e3-a42e-d80ce343e658.html]
[www.hulu.com/series/animaniacs-b072680d-5485-4adf-87ac-4805c0e96bee.html]
[www.hulu.com/series/candified-home-for-the-holidays-97b8e9c5-1a88-430f-8aff-d5ca1dde1daf.html]
[www.hulu.com/series/trolls-trollstopia-a5f2363f-ecc2-494e-9cf9-b896f6d7e574.html]
[www.hulu.com/series/the-mighty-ones-7b34470f-f28a-4740-8840-82a7355ce2ac.html]
[www.hulu.com/series/madagascar-a-little-wild-7a11e023-5762-4980-bfce-7f337e4c28ef.html]
[www.hulu.com/series/utopia-falls-69e22adc-c61a-4c68-a080-b93f31ed66f5.html]
[www.hulu.com/series/endlings-413e2651-e18a-4a48-a351-418ac601abbd.html]
[www.hulu.com/series/holly-hobbie-0f29ba2c-5c0e-418e-b1a5-21d7b51acc32.html]
[www.hulu.com/series/the-bravest-knight-132eacec-fbd0-4bb0-81a4-8e3cfe3ce662.html]
[www.hulu.com/series/find-me-in-paris-762251c9-09f9-44f2-a46b-fdc78f265d74.html]
[www.hulu.com/series/112263-8924769b-be48-49c9-a969-984a30a3a33e.html]
[www.hulu.com/series/the-1619-project-7ba3407a-299c-4a10-8310-bbcdd6ab4653.html]
[www.hulu.com/series/24-hours-assault-on-the-capitol-46663918-924b-41a0-a2ac-e60d8097de9b.html]
[www.hulu.com/series/548-days-abducted-online-4c195dac-ff91-40ab-b7eb-8ac4bd580631.html]
[www.hulu.com/movie/69-the-saga-of-danny-hernandez-345025ec-5022-4cca-a5f7-d3870fce96b3.html]
[www.hulu.com/series/abominable-y-la-ciudad-invisible-308ea72c-f17a-4fa1-80f3-0c46828e1f0c.html]
[www.hulu.com/series/the-accident-dd5db15e-7665-44c1-8f60-2f0146492428.html]
[www.hulu.com/series/the-act-8cc910fe-b59e-46a5-9966-16c4e0ed208d.html]
[www.hulu.com/series/the-actress-11e13297-0d0a-47db-be16-3a08999bc1cd.html]
[www.hulu.com/series/the-actress-eng-5a94c8fc-b43b-4d00-a876-3ed2b05ce7e0.html]
[www.hulu.com/series/adamas-03acfb59-8970-42df-a744-0c9f63388602.html]
[www.hulu.com/movie/aftershock-c1414fdf-0741-4bd2-b62c-554db3d8f643.html]
[www.hulu.com/series/all-night-3e721b91-6f71-453f-946a-8818e79be2c4.html]
[www.hulu.com/movie/all-that-we-destroy-b132ff87-cd6a-41c6-862a-a2fd047e3bcc.html]
[www.hulu.com/series/alternative-therapy-b172e3fd-b431-4b9a-8dd7-a2e952d97e61.html]
[www.hulu.com/series/am-i-being-unreasonable-f67303df-f3d3-4b41-93e1-1253b3cff479.html]
[www.hulu.com/movie/the-amazing-johnathan-documentary-c71d9209-3142-4b3e-bbcb-2fe4d28f37fe.html]
[www.hulu.com/series/american-horror-stories-04d07a40-2e27-4141-aa47-cef856aeee60.html]
[www.hulu.com/series/the-american-royal-baby-fa0f2148-a9aa-401b-ae46-d9e470daa1ff.html]
[www.hulu.com/series/the-artful-dodger-f3c3093b-8674-43dd-a0a8-a154ac024985.html]
[www.hulu.com/series/arthdal-chronicles-the-sword-of-aramun-64a98226-0e7f-416a-ae9f-004ca64f922d.html]
[www.hulu.com/movie/dr-seuss-horton-hears-a-who-2230285d-7f29-4b9c-8159-c1ac37b84433.html]
[www.hulu.com/movie/tooth-fairy-114b74f1-a699-4b9c-b050-d0cdba7d563c.html]
[www.hulu.com/movie/jack-frost-48a1a9ca-c5e7-44a8-9fe6-2a2cd1234ded.html]
[www.hulu.com/movie/the-sandlot-470d2a85-e2df-44f7-87f2-303290b3d008.html]
[www.hulu.com/movie/night-at-the-museum-battle-of-the-smithsonian-103f57f7-e4d7-4cfb-b545-042d1833e026.html]
[www.hulu.com/movie/home-alone-3-beacfe9b-79fb-495e-8860-b1ed3f4f56fe.html]
[www.hulu.com/movie/garfield-the-movie-6bac0dd2-ce93-4616-8395-828d7a4e1a31.html]
[www.hulu.com/movie/miracle-on-34th-street-a1bab185-9b77-44d8-9572-d601917de732.html]
[www.hulu.com/movie/the-muppet-christmas-carol-92564945-c0b5-45f1-a252-360ae287342f.html]
[www.hulu.com/movie/the-spongebob-squarepants-movie-81e8ed98-7c8b-45a0-bcfe-a04d56a4105e.html]
[www.hulu.com/movie/like-mike-09f3a601-6fd1-485c-ada6-ad3e4be0638c.html]
[www.hulu.com/movie/ice-age-dawn-of-the-dinosaurs-5ec139b9-ae27-454c-83e0-81634cc4bfe0.html]
[www.hulu.com/movie/coraline-7859cdc5-f7ad-4fee-b81b-0910e56b3a4e.html]
[www.hulu.com/movie/alvin-and-the-chipmunks-1ea3b12b-c034-4fbf-a36b-cedc66bbe5de.html]
[www.hulu.com/movie/miracle-on-34th-street-67acbc30-2fdc-48fc-b234-cda89f0fe5cc.html]
[www.hulu.com/movie/robots-34a2b7c9-b985-4eee-a4e9-12c96c4096e2.html]
[www.hulu.com/movie/cinderella-fd399e4b-6336-4cb1-b17f-c2cb7e7bf5c9.html]
[www.hulu.com/movie/ice-age-the-meltdown-7d2c60a8-8e9a-4d90-98b9-b7449a09732f.html]
[www.hulu.com/movie/maleficent-01b0d3e4-8b57-4cbe-9b74-e379bc60ac5a.html]
[www.hulu.com/movie/a-christmas-carol-f9103726-989b-41f2-a433-80e13cbae93f.html]
[www.hulu.com/movie/doctor-dolittle-8df5a3e6-4561-49c3-8244-dcf5c80da7eb.html]
[www.hulu.com/movie/saving-santa-26dc3b08-e66c-4a8c-ba8b-1f897163a04c.html]
[www.hulu.com/series/teen-titans-go-4792c643-984d-44a7-ba4a-413e3ecbcac0.html]
[www.hulu.com/series/ok-ko-lets-be-heroes-5f6800f3-7ded-45a6-b40e-44b427dab1a6.html]
[www.hulu.com/series/kc-undercover-fa7b8300-8574-465b-a853-542502592767.html]
[www.hulu.com/series/the-powerpuff-girls-2016-99bf7a88-78a7-478a-abea-db87ecffafdd.html]
[www.hulu.com/series/the-thundermans-1915432f-147b-4aba-88af-8bbaf1d3fae9.html]
[www.hulu.com/series/doc-mcstuffins-9b75f792-44c6-4a49-a2a2-48a746c6c26d.html]
[www.hulu.com/series/star-vs-the-forces-of-evil-97e74986-c35d-4a0d-b67e-3caaeb266288.html]
[www.hulu.com/series/gravity-falls-5d931e25-bd29-46f2-9baf-b5a0b4c001f8.html]
[www.hulu.com/series/rugrats-c9a9273e-363b-4171-8239-d7ca923bef46.html]
[www.hulu.com/series/hey-arnold-a4a06e0c-c4d8-4b34-a55e-a28c57ecc429.html]
[www.hulu.com/series/sonic-boom-a5481b97-adb7-4583-af31-d89772d93eb9.html]
[www.hulu.com/static/hitch/static/logos/hulu_white.svg]
[www.hulu.com/static/hitch/static/icons/dollar.svg]
[www.hulu.com/series/power-book-ii-ghost-6774f5b4-c4e7-440c-b641-764f4c40dfa6.html]
[www.hulu.com/series/bmf-0ab9a4d1-661a-4ec8-978a-0882b5b8d2c5.html]
[www.hulu.com/series/p-valley-a3012952-bd1a-426c-9d7e-77d81d925d15.html]
[www.hulu.com/series/spartacus-2010-7ec5d263-a02e-497f-889f-191a8c20a59e.html]
[www.hulu.com/series/power-d99af3eb-5120-4b37-aba8-1b413b6ed0e8.html]
[www.hulu.com/series/the-white-queen-bc8b9c61-242f-47c8-a3e0-9f8480cd4f90.html]
[www.hulu.com/series/the-spanish-princess-1cb4fcac-9a16-4852-9db4-580acfeabd83.html]
[www.hulu.com/series/ice-9a7ef0c6-073c-4fe4-8d7c-a1781881e5e4.html]
[www.hulu.com/series/american-gods-92ca12b6-1e2d-4109-b837-dcaa044459f0.html]
[www.hulu.com/series/gaslit-5ac85371-4013-4ac1-8404-72f5ef56f86c.html]
[www.hulu.com/series/ambitions-ed1ce5d4-21eb-4338-955c-a3f4b5fd64e8.html]
[www.hulu.com/series/the-white-princess-7a96495c-62bd-479c-82ca-67d94eaec9b0.html]
[www.hulu.com/series/hightown-664144c0-7f9b-4d94-bf43-66c6afb5e0c7.html]
[www.hulu.com/series/the-serpent-queen-e697a470-7354-4ca4-8fbb-eb69f0538500.html]
[www.hulu.com/series/the-bmf-documentary-blowing-money-fast-8f18643a-d79f-4576-b0a6-1d6f4f255335.html]
[www.hulu.com/series/party-down-dabfcfd9-93b3-4f54-a63d-dc62050a0015.html]
[www.hulu.com/series/dublin-murders-263826bc-1340-4d22-a5fb-48ef3ff379d3.html]
[www.hulu.com/series/men-in-kilts-a-roadtrip-with-sam-and-graham-a0edc19d-5322-4175-b375-d9e7afeaeaa7.html]
[www.hulu.com/series/minx-9b0b2cc0-6d0e-4a43-832a-89c6dca5e1a2.html]
[www.hulu.com/series/survivors-remorse-c39e8f7c-e08a-4fcb-80cd-9b7356e82a00.html]
[www.hulu.com/series/the-virginian-2191db34-eafd-44ef-9010-902fd916c2d7.html]
[www.hulu.com/series/wagon-train-51d5d39f-50a7-4cec-b40e-371d5076882a.html]
[www.hulu.com/series/tales-of-wells-fargo-6e396380-eb00-4da2-aaaf-b3e980512a1c.html]
[www.hulu.com/series/the-deceived-1f928f2c-c373-49c3-b524-bb1da06f80d5.html]
[www.hulu.com/series/ash-vs-evil-dead-7c22c8fa-e8f9-451e-88bf-223d87d5901a.html]
[www.hulu.com/series/laramie-50b649b8-6dd0-4795-b3b6-6e708b56a1f9.html]
[www.hulu.com/series/confronting-a-serial-killer-3ae0d96d-10f4-4a50-ba00-79b3f4426220.html]
[www.hulu.com/series/the-missing-65ad749c-e1a8-4bbb-9351-eeee0afcb7ce.html]
[www.hulu.com/series/seduced-inside-the-nxivm-cult-65621564-2c92-4c24-a601-2ad390753295.html]
[www.hulu.com/series/sweetbitter-e94b49c9-9453-4c51-9a76-0a18a1dbf332.html]
[www.hulu.com/series/larry-mcmurtrys-streets-of-laredo-59c4564e-e175-444b-9c20-6fb3dae1e394.html]
[www.hulu.com/series/centennial-cba9d982-8ebf-403b-b441-30a79f90be0d.html]
[www.hulu.com/series/wrong-man-3053ed1b-0c8b-414c-bdc7-beb7b1ed08f7.html]
[www.hulu.com/series/now-apocalypse-3e3b1f3f-49ff-4919-822e-9636c9c245b4.html]
[www.hulu.com/series/magic-city-8b925a3b-5c83-4418-bbc0-d00a3d0b452d.html]
[www.hulu.com/series/the-deputy-7d832faa-aa18-45c9-9acf-a79e7e078007.html]
[www.hulu.com/series/attila-the-hun-8d8d5a25-cdee-4d4b-abd4-913acafe03b7.html]
[www.hulu.com/series/wanted-dead-or-alive-075cfa37-72d7-4e8b-812a-393788283dd7.html]
[www.hulu.com/series/vida-b109a234-c787-47f2-a2fd-4dee2e6a66bd.html]
[www.hulu.com/series/howards-end-e5f66781-d24a-4aa6-93a6-ee5f3ae07be6.html]
[www.hulu.com/series/return-to-lonesome-dove-673487ae-6b16-4e29-aabd-3da81a298277.html]
[www.hulu.com/hub/tv/collections/5837.html]
[www.hulu.com/series/the-clearing-12fe7300-6d54-4e95-97b4-452301e739a3.html]
[www.hulu.com/series/undead-unluck-1e7b20f8-4f5c-46ab-8b24-fa2700a6c7a7.html]
[www.hulu.com/series/the-damelio-show-ad993806-7961-4eb3-9f92-e7b9a349ae22.html]
[www.hulu.com/series/betrayal-the-perfect-husband-002226aa-c9f5-4433-b982-be31ead74624.html]
[www.hulu.com/series/tokyo-revengers-1a195a35-e19c-4e36-b609-3b1c451f6ce4.html]
[www.hulu.com/series/nine-perfect-strangers-2be55e1a-4c31-4af6-aa25-e5c85528b73a.html]
[www.hulu.com/series/veronica-mars-4626972c-9da7-40fe-aed7-977f55f48fc5.html]
[www.hulu.com/series/candy-2ce80ed9-7ab6-44de-8434-f7dadb6ec11b.html]
[www.hulu.com/series/castle-rock-b11816c9-9e35-44f3-bf04-220b1d12f770.html]
[www.hulu.com/series/dopesick-227de06a-d3d4-42e0-9df1-bb5495e1738d.html]
[www.hulu.com/series/the-mindy-project-6a9ba460-9474-481a-a3d8-dbc942f12355.html]
[www.hulu.com/hub/tv/collections/1013.html]
[www.hulu.com/hub/tv/collections/2612.html]
[www.hulu.com/series/community-200c56d4-124c-41a1-b7d2-688f86f432bf.html]
[www.hulu.com/series/soundtrack-f02752e6-bd1f-4621-ae2e-06ff30cc8752.html]
[www.hulu.com/series/american-crime-story-51a3f442-72b3-4bd0-aeab-2e2c92968c04.html]
[www.hulu.com/series/taken-at-birth-990aae44-5cee-4960-bdb3-ecbb303996d3.html]
[www.hulu.com/series/obsession-dark-desires-2e2471cc-deae-4743-b50d-1f37d482056e.html]
[www.hulu.com/series/the-1990s-the-deadliest-decade-e103e2f0-b0c6-47bc-be92-baf2ef7e233f.html]
[www.hulu.com/series/the-golden-palace-34e01745-5911-4d48-8a08-a71270beda65.html]
[www.hulu.com/series/bloods-8e6c29c4-70fa-45f8-8cb6-a91581e02f5f.html]
[www.hulu.com/series/creamerie-a2916e7c-0263-4045-8ca9-8e488c45393f.html]
[www.hulu.com/series/the-catch-49b73ee9-a0fe-470e-8b10-d1b13a557f3b.html]
[www.hulu.com/series/for-the-people-3902f36b-7624-41c7-a455-21940b015745.html]
[www.hulu.com/series/ghosted-96725235-9f01-4837-bf14-bf88608fa06d.html]
[www.hulu.com/series/the-real-oneals-da5c4b9b-ce15-4c3d-b9c7-4a9c074c8f98.html]
[www.hulu.com/series/trophy-wife-03c74d53-d656-4a54-aad5-4a0c5c38bd11.html]
[www.hulu.com/series/stitchers-1b4a9b19-8db5-42e9-992a-2866b7b21e2a.html]
[www.hulu.com/series/castle-30fb4e12-5a72-4fe6-85ff-ddb5e88d1a65.html]
[www.hulu.com/series/better-things-70d330d1-cb23-403f-b3b6-f8f392c4ce5e.html]
[www.hulu.com/series/claws-3b8c24bb-91fe-4463-9f46-c9105148b22e.html]
[www.hulu.com/series/queen-sugar-ecae6b52-9c4e-4988-a6cc-751b4719b81d.html]
[www.hulu.com/series/vikings-8bc072a3-4a5e-47cb-9cb6-bc3dc3785fe1.html]
[www.hulu.com/series/mayans-mc-ea57ec26-db49-499d-aabc-a5dfa23dd96f.html]
[www.hulu.com/series/elementary-4f8bc6dd-bb09-4868-a425-9c426ca7b021.html]
[www.hulu.com/hub/tv/collections/2681.html]
[www.hulu.com/series/bloom-aus-3905d6c4-84b7-4cf2-8032-d4ae7b546e55.html]
[www.hulu.com/series/the-orville-21e70fbf-6a51-41b3-88e9-f111830b046c.html]
[www.hulu.com/series/siren-46d466c2-ec53-476d-a86d-8b18eaacfda3.html]
[www.hulu.com/series/timeless-d7378c1a-2e53-4d79-8ce7-9cf78d456891.html]
[www.hulu.com/series/lost-466b3994-b574-44f1-88bc-63707507a6cb.html]
[www.hulu.com/series/legion-ae87e56c-5b3b-44f6-9154-b07c8e60fe6c.html]
[www.hulu.com/series/firefly-044bbd6e-4ef5-4723-93fe-a384d785b45d.html]
[www.hulu.com/series/avenue-5-b9e49b97-5d35-4592-bf7e-d4cdaf15f86a.html]
[www.hulu.com/series/12-monkeys-e725ccb8-f4f9-4184-b983-5c01d1d200ce.html]
[www.hulu.com/series/devs-fd2f6cc3-dafc-4741-ae2e-d86494f3ca51.html]
[www.hulu.com/hub/tv/collections/2098.html]
[www.hulu.com/series/227-2566394a-fbe8-4c65-ac48-4c87b7475d25.html]
[www.hulu.com/series/designing-women-2786c4a6-d4fd-4ca6-bc38-a764c55257d1.html]
[www.hulu.com/series/the-wonder-years-7929f400-5b51-4628-ba3f-90c9b4bf565e.html]
[www.hulu.com/series/the-golden-girls-a6e5db1c-ab70-451d-8b8c-2fba9ea29248.html]
[www.hulu.com/series/frasier-1993-0cb9b63b-de82-4751-99c9-1cb12118ab9d.html]
[www.hulu.com/series/the-mary-tyler-moore-show-00122c74-2b9f-451c-8cfd-8d130fcb10d6.html]
[www.hulu.com/series/sister-sister-d2140705-8ef8-4b80-aa5e-d568447508dc.html]
[www.hulu.com/hub/tv/collections/2609.html]
[www.hulu.com/series/bleach-0c265948-3450-40ad-89b4-883af457f36d.html]
[www.hulu.com/series/the-tick-0ce0b057-dbc8-4fe7-8843-c3e68333428f.html]
[www.hulu.com/series/sailor-moon-4e1c9108-f973-48fb-8824-a69280ca0438.html]
[www.hulu.com/series/yu-gi-oh-7202b737-f575-4c3c-b89a-2f6f641a9f16.html]
[www.hulu.com/series/dragon-ball-2a25f6de-838c-4ede-a865-4e8b02f59745.html]
[www.hulu.com/series/sonic-x-bb12b9d2-c2dd-47eb-9815-7fe72abb024d.html]
[www.hulu.com/series/thundercats-1985-1a16953a-f763-49fe-bb80-d40bfb015c06.html]
[www.hulu.com/hub/tv/collections/1704.html]
[www.hulu.com/series/glee-4d0efcb0-960f-426b-9b38-2ff50ae4c9ab.html]
[www.hulu.com/series/skins-uk-2e7bc18f-4678-4730-931c-54490c6f674b.html]
[www.hulu.com/series/freaks-and-geeks-0e7d9831-22bb-455d-8255-412be0415b2c.html]
[www.hulu.com/series/24-legacy-80f5bbfa-f3b8-4710-ba8a-f6585cdd4365.html]
[www.hulu.com/series/24-9e3bdada-bf2e-491e-aa0a-0f4c97f520d6.html]
[www.hulu.com/series/the-aliens-1a605163-3305-4e96-ae78-c1b685bcf915.html]
[www.hulu.com/series/angel-8034c900-f242-4cea-96ba-1c6f61f812af.html]
[www.hulu.com/series/black-sails-f1e1b597-9f91-4322-94b0-ec27e17869d8.html]
[www.hulu.com/series/body-of-proof-c09fa459-d2e2-4a32-84e9-171db9d896bf.html]
[www.hulu.com/series/bones-08cc467f-2057-4331-825a-1f993c79c862.html]
[www.hulu.com/series/boston-legal-2cd2fbc0-6cc2-49d8-a78b-bcd661482db6.html]
[www.hulu.com/series/brotherhood-6ed051cf-22d9-4a19-8d61-80289efcd639.html]
[www.hulu.com/series/brothers-sisters-f5b3f0f0-b0c4-46d7-8e7a-0bbebfdb9b30.html]
[www.hulu.com/series/buffy-the-vampire-slayer-f2c277c5-62b4-417c-b277-8435b70176dd.html]
[www.hulu.com/series/burn-notice-1beecd6b-45e4-410f-be84-194789bbbf8e.html]
[www.hulu.com/series/csi-crime-scene-investigation-e316aa0d-6df1-445b-98d9-ea1d165bcf81.html]
[www.hulu.com/series/csi-miami-de70fc86-bb29-4f6f-9b7f-94357e71fd61.html]
[www.hulu.com/series/damages-8bd34f65-5b89-4173-8b45-58728249f516.html]
[www.hulu.com/series/dawsons-creek-e167b346-77f6-4694-982f-a611e42bef11.html]
[www.hulu.com/series/desperate-housewives-38846006-4365-4005-9ec2-64b910b5d683.html]
[www.hulu.com/series/devious-maids-0422b254-db0e-4802-bfbb-7f3389cd4921.html]
[www.hulu.com/series/er-c2493d31-6185-447b-a9a7-de1c891e8bc6.html]
[www.hulu.com/series/the-exorcist-a27a4829-b77c-4398-a299-e7de326f7c39.html]
[www.hulu.com/series/felicity-9dbab8bc-1285-4694-8f97-582a6c9e7091.html]
[www.hulu.com/series/fosseverdon-151fed30-9719-4620-ac13-3aadbfc5be43.html]
[www.hulu.com/series/friday-night-lights-55525c91-d5af-48cd-8553-7b5bc32e9862.html]
[www.hulu.com/series/the-gifted-b50703ac-5fcd-48dd-8547-272f8fa519b9.html]
[www.hulu.com/series/the-glades-3430ba30-20cd-4c14-88be-44d7a0a9b8e4.html]
[www.hulu.com/series/graceland-3c1bea5c-f2c6-4639-957e-60873fb47267.html]
[www.hulu.com/series/greek-3068d173-2a72-4200-9775-73aa3c640b58.html]
[www.hulu.com/series/justified-2faf68df-e153-4e47-b117-a048427b250f.html]
[www.hulu.com/series/lethal-weapon-9eeb08fe-128a-4894-b77f-086fbe3b1881.html]
[www.hulu.com/series/lie-to-me-3ff40a52-bb7f-4c21-9f9d-19e50368778e.html]
[www.hulu.com/series/lincoln-heights-46625421-dbc0-46f8-8821-499c0b15b73c.html]
[www.hulu.com/hub/tv/collections/4052.html]
[www.hulu.com/series/the-undoing-2e15ad1d-6cad-43fb-85d2-e7916ea0f168.html]
[www.hulu.com/series/i-know-this-much-is-true-a9b87099-aabd-4c61-a720-b7b868d70b4b.html]
[www.hulu.com/series/the-handmaids-tale-565d8976-9d26-4e63-866c-40f8a137ce5f.html]
[www.hulu.com/series/sharp-objects-db4f098d-3ecd-43da-b51f-f3e76691eef9.html]
[www.hulu.com/series/shadowhunters-a16cc211-5e77-4a35-93fd-6ea6a3d5ae36.html]
[www.hulu.com/series/wayward-pines-15e38ff1-3b62-4159-9371-b177f9982e66.html]
[www.hulu.com/series/das-boot-ceda3546-5a3b-4e8d-b6a4-50d00771851e.html]
[www.hulu.com/hub/tv/collections/2606.html]
[www.hulu.com/series/wreck-d0bcfabc-3e1f-45b2-aee9-44c746c2868b.html]
[www.hulu.com/series/the-third-day-8f586332-d4dc-406c-99bf-2d650f32a120.html]
[www.hulu.com/series/lovecraft-country-48c14fa6-f857-47ed-9063-489e302c50c4.html]
[www.hulu.com/series/the-x-files-d6a7aec6-72d2-46bb-b337-2cb412df64c8.html]
[www.hulu.com/series/buzzfeed-unsolved-supernatural-ce9cc7fc-6fa2-4c42-9aa5-fcc8a814af98.html]
[www.hulu.com/series/freakish-a67eb1cb-ff43-41d4-a160-0f47a314a22b.html]
[www.hulu.com/series/scream-queens-f4a78966-fc35-47ef-b848-a57c5fea4b9d.html]
[www.hulu.com/series/the-purge-c5c9e867-73c7-4c1b-a8e0-cc0e0e4b95ed.html]
[www.hulu.com/series/the-strain-d424ff74-760e-4070-a490-73b89d180fc4.html]
[www.hulu.com/series/the-fades-e0898983-9132-423c-bcbb-59fd669359db.html]
[www.hulu.com/series/attack-on-titan-9c91ffa3-dc20-48bf-8bc5-692e37c76d88.html]
[www.hulu.com/series/light-as-a-feather-faded4ba-099c-41f3-a84c-300a7ff526ba.html]
[www.hulu.com/series/juda-a72bba8f-94e3-4d30-bcb7-64876f73c9d2.html]
[www.hulu.com/hub/tv/collections/2619.html]
[www.hulu.com/series/arifureta-from-commonplace-to-worlds-strongest-f3ebfa6a-c651-4e2b-b939-6c46dec8a66a.html]
[www.hulu.com/series/kochoki-f2946dbc-a3ed-4f82-9334-5327f4a9ad0e.html]
[www.hulu.com/series/the-ones-within-9afe71d4-c8b9-4dd3-9f79-6c3a52297afa.html]
[www.hulu.com/series/azur-lane-6c2ced8e-9f2b-4850-8b8b-b0fd530fd85e.html]
[www.hulu.com/series/persona5-the-animation-6507e2ba-9faf-49e9-978f-6718a365c4fd.html]
[www.hulu.com/series/erased-40cf1997-7291-4764-a80c-c264294fa691.html]
[www.hulu.com/series/bem-3fedb7c9-7fc1-4011-9344-33bc2ea01f2a.html]
[www.hulu.com/series/stand-my-heroes-piece-of-truth-3ec51f33-6981-497f-ade5-109940db933d.html]
[www.hulu.com/series/summer-time-rendering-eng-dub-45cfca29-3356-4871-a7a1-47c5c411435a.html]
[www.hulu.com/series/bleach-thousand-year-blood-war-02a3c8c0-4f1d-4610-bbb4-5b8e9468d7b1.html]
[www.hulu.com/series/the-promised-neverland-3ef087c6-d967-4495-9730-b5ff54ded8e0.html]
[www.hulu.com/series/demon-slayer-kimetsu-no-yaiba-2c3e4b00-30d9-434d-bccc-cf346e40e868.html]
[www.hulu.com/series/naruto-993d48dc-d507-47cb-8cca-23e6794f6f66.html]
[www.hulu.com/series/spy-x-family-65d158d4-443f-44c7-bd2c-eae39f6c60e9.html]
[www.hulu.com/series/the-rising-of-the-shield-hero-9bfde086-7d79-48e5-a429-e065cfdc4d07.html]
[www.hulu.com/series/mushoku-tensei-jobless-reincarnation-787a5fb4-9cba-4a69-96b2-4fb3b10c860a.html]
[www.hulu.com/series/my-hero-academia-b4859a95-39ba-4051-a550-256c42e70a1d.html]
[www.hulu.com/series/higurashi-when-they-cry-gou-927d390b-bfe8-4358-9e2b-de1b2f11b6c1.html]
[www.hulu.com/series/sonny-boy-8cce2117-1a21-4ecf-810a-14c9d748d5fc.html]
[www.hulu.com/series/the-world-ends-with-you-the-animation-5c9578dd-588f-4b41-a861-631f58aeb89f.html]
[www.hulu.com/series/how-a-realist-hero-rebuilt-the-kingdom-911a694a-3cab-41df-a034-e178b461bee6.html]
[www.hulu.com/series/your-lie-in-april-8156b6d6-46ae-4576-877e-022657255de6.html]
[www.hulu.com/series/the-irregular-at-magic-high-school-80e76834-7c30-45fe-bcaa-1f4ace6a99da.html]
[www.hulu.com/movie/dub-sword-art-online-extra-edition-5bd397cd-d21b-41a0-a7c8-dbe2e39282e4.html]
[www.hulu.com/series/darwins-game-ef98a315-02e7-475d-a939-6a0f5c0ed752.html]
[www.hulu.com/series/fire-force-5973d358-1997-47d0-942d-e85b455ed9db.html]
[www.hulu.com/series/gintama-47e9f33b-abea-4d9b-bcf0-e5119effb032.html]
[www.hulu.com/series/kono-oto-tomare-sounds-of-life-8d6af21a-d6ff-433f-b031-b43b505e1b29.html]
[www.hulu.com/series/mix-12725492-b68b-437b-9f1b-648fbc490a9e.html]
[www.hulu.com/series/fairy-tail-ccafd798-65e0-45eb-99e1-6ab389c1056b.html]
[www.hulu.com/series/tokyo-ghoul-29a2841c-3556-49e5-89b1-84cbe2682fc9.html]
[www.hulu.com/series/one-punch-man-54a25fcf-a472-4d40-9968-13e2957e5abf.html]
[www.hulu.com/series/black-clover-f6451467-97a8-4ddf-9ae8-e9e4cbb53fc8.html]
[www.hulu.com/series/overlord-86853e46-5a47-4b79-979b-b175c1fa7db2.html]
[www.hulu.com/series/code-geass-1858aace-a7fb-4d6f-b770-61dc121185b4.html]
[www.hulu.com/series/outlaw-star-94620b15-a337-47c3-b63a-25e9778f3e25.html]
[www.hulu.com/series/mobile-suit-gundam-iron-blooded-orphans-614c73c1-3f0b-48e4-b7e0-077071df95d5.html]
[www.hulu.com/series/jojos-bizarre-adventure-3f2ffb64-2424-44a5-b229-4371dccb1d6f.html]
[www.hulu.com/series/sword-art-online-alternative-gun-gale-online-352e99b4-012d-48d5-9635-1c0c22744a85.html]
[www.hulu.com/series/hunter-x-hunter-4160deed-5e27-4f23-aa9a-a8e4f126e9cb.html]
[www.hulu.com/series/k-51c81536-60a6-4b98-8354-a47040be8153.html]
[www.hulu.com/series/yu-yu-hakusho-e6f09891-7847-42f5-91eb-1bc17fe8dc5b.html]
[www.hulu.com/series/mobile-suit-gundam-uc-unicorn-cc4d40a5-837e-463f-8b48-58e9b1a16c6f.html]
[www.hulu.com/series/food-wars-c3f514cd-df5e-47eb-9ab1-6e11236ef4f6.html]
[www.hulu.com/hub/tv/collections/2588.html]
[www.hulu.com/series/silverpoint-6a1fc460-9d03-4fdc-8484-3c971d8f1ac2.html]
[www.hulu.com/series/kyle-xy-1329a806-f030-4bc3-b05a-56db63e8b523.html]
[www.hulu.com/series/jersey-shore-d2317943-3eaf-496b-ab1f-aef2c4097369.html]
[www.hulu.com/series/twisted-254092f5-c273-4aff-b9e1-ea65f06ea78e.html]
[www.hulu.com/series/the-fosters-87efd510-6cac-497c-9762-b81a729b40f2.html]
[www.hulu.com/series/switched-at-birth-fb899e5f-647c-4e69-931e-15abbd999cf5.html]
[www.hulu.com/series/the-oc-99fb982a-a55c-4d9d-96af-5fc9b8690238.html]
[www.hulu.com/series/blossom-f7f27ed3-d2d8-4a3d-9df3-93053caf355c.html]
[www.hulu.com/series/grown-ish-dadfb0d8-f1f3-4229-a56f-25a7d5c9f87d.html]
[www.hulu.com/series/sabrina-the-teenage-witch-502bbc34-fa19-48fb-89c6-074da28335d3.html]
[www.hulu.com/series/full-house-1987-2b483463-d974-4dbe-a0b8-533f81d1de94.html]
[www.hulu.com/series/good-trouble-6d88a418-35fc-4d6b-8efe-85bb0cd12b77.html]
[www.hulu.com/series/americas-next-top-model-302c282e-7c22-4a22-a97e-8c05f1958e86.html]
[www.hulu.com/series/my-super-sweet-16-a68aee7a-1e24-4100-aebe-a8934a0d211b.html]
[www.hulu.com/series/the-secret-life-of-the-american-teenager-bf585056-06b3-4408-a002-f99c413a4132.html]
[www.hulu.com/series/baby-daddy-88250632-9fa4-47c9-8a1a-ac2832567176.html]
[www.hulu.com/series/my-so-called-life-0cf3b099-4f65-4a45-9040-99867705ed58.html]
[www.hulu.com/series/teen-wolf-f47ab360-a341-453b-8ced-640d5996851b.html]
[www.hulu.com/series/cruel-summer-440071a7-03a8-440a-992d-409dbfc11ba2.html]
[www.hulu.com/movie/blended-b7c24b0d-2282-4e33-9a00-7445443bc349.html]
[www.hulu.com/movie/dc-league-of-super-pets-2d59bb71-a98e-4bd7-8809-4040db3fb814.html]
[www.hulu.com/movie/the-book-of-life-bffd458e-794f-4cb3-b748-6df6ad452b7f.html]
[www.hulu.com/movie/the-wiz-87a19f5d-0ea6-492d-8d1d-1e9e0e879650.html]
[www.hulu.com/movie/no-exit-4800d468-b587-44de-bad8-2646588bfa6b.html]
[www.hulu.com/movie/vacation-friends-c5fec97e-4c47-4b46-b19f-c246d461f6d0.html]
[www.hulu.com/movie/pilgrim-18a733c8-bb8e-4067-a146-8077c4124c3f.html]
[www.hulu.com/movie/happiest-season-8bd1884d-b39d-4dc7-9c44-29f07de2f1ef.html]
[www.hulu.com/movie/wounds-a4f6dcac-9443-40cb-9c87-33fc2feeb6ae.html]
[www.hulu.com/movie/madagascar-a-little-wild-a-fang-tastic-halloween-727aab7a-c05a-42c1-b708-88f0f062a56a.html]
[www.hulu.com/movie/madagascar-a-little-wild-holiday-goose-chase-2e425473-9c6d-4103-91f2-513a9e13006f.html]
[www.hulu.com/movie/sex-appeal-a5ecc468-1446-4d03-90ca-8eaaabf4f586.html]
[www.hulu.com/movie/big-time-adolescence-387ba517-ec86-4799-a952-a8c5848edfe3.html]
[www.hulu.com/movie/fresh-3c0c50d1-17be-462c-aa61-c5b12b86d8bc.html]
[www.hulu.com/movie/bad-hair-eb67f592-fd7a-4d0b-aa82-6fef5ee0dd6b.html]
[www.hulu.com/movie/edward-scissorhands-c71d11de-32df-4fb5-a0f1-06e1e0a0d5aa.html]
[www.hulu.com/movie/spaceballs-da383efc-74f2-4d25-8d83-798e8cb1e0f2.html]
[www.hulu.com/movie/mr-mom-9ecfd609-1881-4908-aab0-d5483e192c3b.html]
[www.hulu.com/movie/the-binge-570d1cb1-c47d-4d62-aeb3-3310549c8ccb.html]
[www.hulu.com/movie/marley-me-52708fea-f307-44d5-b26c-15ddda848cf6.html]
[www.hulu.com/hub/originals/collections/1420.html]
[www.hulu.com/hub/originals/collections/142.html]
[www.hulu.com/series/impact-x-nightline-natalee-holloway-a-killer-confesses-a161fb20-1973-41b5-be06-97508edb534e.html]
[www.hulu.com/hub/originals/collections/2360.html]
[www.hulu.com/series/santa-evita-english-1e1d96a8-f1f8-4c7f-9afe-d9ae5d8feea0.html]
[www.hulu.com/series/oussekine-3fc6baf2-f1fd-4906-a3cc-b807d2f09845da86.html]
[www.hulu.com/series/oussekine-3fc6baf2-f1fd-4906-a3cc-b807d2f09845b624.html]
[www.hulu.com/series/oussekine-3fc6baf2-f1fd-4906-a3cc-b807d2f098453853.html]
[www.hulu.com/series/oussekine-3fc6baf2-f1fd-4906-a3cc-b807d2f09845a2bb.html]
[www.hulu.com/series/oussekine-3fc6baf2-f1fd-4906-a3cc-b807d2f09845.html]
[www.hulu.com/series/le-fate-ignoranti-bef195f1-2185-4e1e-a584-54d7e644ef35.html]
[www.hulu.com/series/the-ignorant-angels-7baeb80c-6c4a-438f-884b-7542ee0993e1da86.html]
[www.hulu.com/series/the-ignorant-angels-7baeb80c-6c4a-438f-884b-7542ee0993e1b624.html]
[www.hulu.com/series/the-ignorant-angels-7baeb80c-6c4a-438f-884b-7542ee0993e13853.html]
[www.hulu.com/series/rurangi-2f17c6ff-5e68-49ba-b83c-3987d7367341.html]
